[rockmaster.oppermann-fuss.de/EN/index.html]
[backblue.gif]
[fade.gif]
[index.html]
[rockmaster.oppermann-fuss.de/apple-touch-icon.png]
[rockmaster.oppermann-fuss.de/fav.png]
[rockmaster.oppermann-fuss.de/tile-wide.png]
[rockmaster.oppermann-fuss.de/js/vendor/webfontloader.js]
[rockmaster.oppermann-fuss.de/mtiFontTrackingCode.js]
[rockmaster.oppermann-fuss.de/js/vendor/modernizr-2.8.3.min.js]
[rockmaster.oppermann-fuss.de/img/analyse-01.jpg]
[rockmaster.oppermann-fuss.de/img/analyse-02-1.jpg]
[rockmaster.oppermann-fuss.de/img/analyse-slider-1.jpg]
[rockmaster.oppermann-fuss.de/img/analyse-slider-2.jpg]
[rockmaster.oppermann-fuss.de/img/analyse-slider-3.jpg]
[rockmaster.oppermann-fuss.de/img/finanzierung-1.jpg]
[rockmaster.oppermann-fuss.de/img/finanzierung-2.jpg]
[rockmaster.oppermann-fuss.de/img/aufbau-1.jpg]
[rockmaster.oppermann-fuss.de/img/aufbau-2.jpg]
[rockmaster.oppermann-fuss.de/img/aufbau-slider-1.jpg]
[rockmaster.oppermann-fuss.de/img/aufbau-slider-2.jpg]
[rockmaster.oppermann-fuss.de/img/aufbau-slider-3.jpg]
[rockmaster.oppermann-fuss.de/img/support-1.jpg]
[rockmaster.oppermann-fuss.de/img/support-2.jpg]
[rockmaster.oppermann-fuss.de/img/jaw-crusher-illustration.jpg]
[rockmaster.oppermann-fuss.de/img/kontakt-1.jpg]
[rockmaster.oppermann-fuss.de/img/kontakt-2.jpg]
[rockmaster.oppermann-fuss.de/js/vendor/jquery2.min.js]
[rockmaster.oppermann-fuss.de/js/vendor/vivus.min.js]
[rockmaster.oppermann-fuss.de/js/vendor/swiper.jquery.min.js]
[rockmaster.oppermann-fuss.de/js/min/main-min.js]
[rockmaster.oppermann-fuss.de/EN/index.html]
[www.oppermann-fuss.de/rockmaster/social-image.html]
[rockmaster.oppermann-fuss.de/img/keyvisual2047.jpg]
[rockmaster.oppermann-fuss.de/css/main.css]
